// Jest Snapshot v1, https://goo.gl/fbAQLP

exports[`snap 1`] = `
"import Vue from \\"vue\\";
import { Component, Prop } from \\"vue-property-decorator\\";
const YourComponent = {
  steup(
    props: {
      propsA: number | undefined;
    },
    context
  ) {
    return {};
  }
};
"
`;
