// Jest Snapshot v1, https://goo.gl/fbAQLP

exports[`snap 1`] = `
"import Component, { Vue } from \\"vue-class-component\\";
import { Prop } from \\"vue-property-decorator\\";
const YourComponent = {
  steup(
    props: {
      propsA: number | undefined;
    },
    context
  ) {
    return {};
  }
};
"
`;
